// Jest Snapshot v1, https://goo.gl/fbAQLP

exports[`SearchForm should match the snapshot with all data passed in correctly 1`] = `
<header>
  <h1>
    Search Form
  </h1>
  <form
    id="SearchForm"
  >
    <input
      name="locState"
      onChange={[Function]}
      placeholder="State - CO"
      type="text"
      value=""
    />
    <input
      name="level"
      onChange={[Function]}
      placeholder="High, Middle"
      value=""
    />
    <input
      name="latLocation"
      onChange={[Function]}
      placeholder="Latitude -39.750949"
      value=""
    />
    <input
      label="Longitude"
      name="longLocation"
      onChange={[Function]}
      placeholder="Longitude -104.996605"
      value=""
    />
    <input
      name="maxDistance"
      onChange={[Function]}
      placeholder="Distance in Miles"
      value=""
    />
    <button
      onClick={[Function]}
    >
      Search Schools
    </button>
  </form>
</header>
`;
